ERROR: Column reference "name" is ambiguous; present in multiple tables: "countries", "cities".
