[
    [["name", "str"]],
    ["New York"],
    ["Los Angeles"],
    ["Chicago"],
    ["Houston"],
    ["Toronto"],
    ["Montreal"],
    ["Calgary"],
    ["Mumbai"]
]
