[
    [["a_name", "str"], ["age", "int"], ["b_name", "str"], ["distance", "int"]],
    ["Alice", 20, "Q", 25],
    ["Alice", 20, "R", 32],
    ["Bob", 30, "Q", 25],
    ["Bob", 30, "R", 32],
    ["Eve", 40, "Q", 25],
    ["Eve", 40, "R", 32]
]
